// Jest Snapshot v1, https://goo.gl/fbAQLP

exports[`Component renders correctly 1`] = `
<DocumentFragment>
  <div
    class="HeroesList"
  >
    <div
      class="HeroesList-options"
    >
      <button>
        Ordenar por nome - A/Z
      </button>
    </div>
    <div
      class="HeroesList-cards"
    >
      <div
        class="HeroCard"
      >
        <img
          alt="Hulk"
          class="HeroCard-img"
          src="http://i.annihil.us/u/prod/marvel/i/mg/5/a0/538615ca33ab0.jpg"
        />
        <p
          class="HeroCard-name"
        >
          Hulk
        </p>
      </div>
      <div
        class="HeroCard"
      >
        <img
          alt="Mercury"
          class="HeroCard-img"
          src="http://i.annihil.us/u/prod/marvel/i/mg/b/40/image_not_available.jpg"
        />
        <p
          class="HeroCard-name"
        >
          Mercury
        </p>
      </div>
      <div
        class="HeroCard"
      >
        <img
          alt="Nicolaos"
          class="HeroCard-img"
          src="http://i.annihil.us/u/prod/marvel/i/mg/b/40/image_not_available.jpg"
        />
        <p
          class="HeroCard-name"
        >
          Nicolaos
        </p>
      </div>
      <div
        class="HeroCard"
      >
        <img
          alt="The Executioner"
          class="HeroCard-img"
          src="http://i.annihil.us/u/prod/marvel/i/mg/e/d0/4ce5a2ab860be.jpg"
        />
        <p
          class="HeroCard-name"
        >
          The Executioner
        </p>
      </div>
      <div
        class="HeroCard"
      >
        <img
          alt="Champions"
          class="HeroCard-img"
          src="http://i.annihil.us/u/prod/marvel/i/mg/8/b0/4c00376da82bb.jpg"
        />
        <p
          class="HeroCard-name"
        >
          Champions
        </p>
      </div>
      <div
        class="HeroCard"
      >
        <img
          alt="Jack Murdock"
          class="HeroCard-img"
          src="http://i.annihil.us/u/prod/marvel/i/mg/b/40/image_not_available.jpg"
        />
        <p
          class="HeroCard-name"
        >
          Jack Murdock
        </p>
      </div>
      <div
        class="HeroCard"
      >
        <img
          alt="Janus, the Nega-Man"
          class="HeroCard-img"
          src="http://i.annihil.us/u/prod/marvel/i/mg/b/40/image_not_available.jpg"
        />
        <p
          class="HeroCard-name"
        >
          Janus, the Nega-Man
        </p>
      </div>
      <div
        class="HeroCard"
      >
        <img
          alt="Mordo"
          class="HeroCard-img"
          src="http://i.annihil.us/u/prod/marvel/i/mg/b/40/image_not_available.jpg"
        />
        <p
          class="HeroCard-name"
        >
          Mordo
        </p>
      </div>
      <div
        class="HeroCard"
      >
        <img
          alt="Mysterio (Francis Klum)"
          class="HeroCard-img"
          src="http://i.annihil.us/u/prod/marvel/i/mg/b/40/image_not_available.jpg"
        />
        <p
          class="HeroCard-name"
        >
          Mysterio (Francis Klum)
        </p>
      </div>
      <div
        class="HeroCard"
      >
        <img
          alt="Sabretooth (House of M)"
          class="HeroCard-img"
          src="http://i.annihil.us/u/prod/marvel/i/mg/5/80/4c0033dd26d33.jpg"
        />
        <p
          class="HeroCard-name"
        >
          Sabretooth (House of M)
        </p>
      </div>
      <div
        class="HeroCard"
      >
        <img
          alt="Lady Mastermind"
          class="HeroCard-img"
          src="http://i.annihil.us/u/prod/marvel/i/mg/5/d0/4c00326f63d4c.jpg"
        />
        <p
          class="HeroCard-name"
        >
          Lady Mastermind
        </p>
      </div>
      <div
        class="HeroCard"
      >
        <img
          alt="Living Mummy"
          class="HeroCard-img"
          src="http://i.annihil.us/u/prod/marvel/i/mg/b/40/image_not_available.jpg"
        />
        <p
          class="HeroCard-name"
        >
          Living Mummy
        </p>
      </div>
      <div
        class="HeroCard"
      >
        <img
          alt="Living Tribunal"
          class="HeroCard-img"
          src="http://i.annihil.us/u/prod/marvel/i/mg/2/a0/4c0031062f91f.jpg"
        />
        <p
          class="HeroCard-name"
        >
          Living Tribunal
        </p>
      </div>
      <div
        class="HeroCard"
      >
        <img
          alt="Scorpion (Ultimate)"
          class="HeroCard-img"
          src="http://i.annihil.us/u/prod/marvel/i/mg/b/40/image_not_available.jpg"
        />
        <p
          class="HeroCard-name"
        >
          Scorpion (Ultimate)
        </p>
      </div>
      <div
        class="HeroCard"
      >
        <img
          alt="Omega the Unknown"
          class="HeroCard-img"
          src="http://i.annihil.us/u/prod/marvel/i/mg/f/10/4ce5a4e4cd15d.jpg"
        />
        <p
          class="HeroCard-name"
        >
          Omega the Unknown
        </p>
      </div>
      <div
        class="HeroCard"
      >
        <img
          alt="Infant Terrible"
          class="HeroCard-img"
          src="http://i.annihil.us/u/prod/marvel/i/mg/2/f0/4c002f7854e02.jpg"
        />
        <p
          class="HeroCard-name"
        >
          Infant Terrible
        </p>
      </div>
      <div
        class="HeroCard"
      >
        <img
          alt="Crimson King"
          class="HeroCard-img"
          src="http://i.annihil.us/u/prod/marvel/i/mg/b/40/image_not_available.jpg"
        />
        <p
          class="HeroCard-name"
        >
          Crimson King
        </p>
      </div>
      <div
        class="HeroCard"
      >
        <img
          alt="Captain Cross"
          class="HeroCard-img"
          src="http://i.annihil.us/u/prod/marvel/i/mg/b/40/image_not_available.jpg"
        />
        <p
          class="HeroCard-name"
        >
          Captain Cross
        </p>
      </div>
      <div
        class="HeroCard"
      >
        <img
          alt="War Machine (Ultimate)"
          class="HeroCard-img"
          src="http://i.annihil.us/u/prod/marvel/i/mg/9/a0/4ce5a5647d38b.jpg"
        />
        <p
          class="HeroCard-name"
        >
          War Machine (Ultimate)
        </p>
      </div>
      <div
        class="HeroCard"
      >
        <img
          alt="Patch"
          class="HeroCard-img"
          src="http://i.annihil.us/u/prod/marvel/i/mg/b/40/image_not_available.jpg"
        />
        <p
          class="HeroCard-name"
        >
          Patch
        </p>
      </div>
    </div>
  </div>
</DocumentFragment>
`;

exports[`Component reorders 1`] = `
<DocumentFragment>
  <div
    class="HeroesList"
  >
    <div
      class="HeroesList-options"
    >
      <button>
        Ordenar por nome - A/Z
      </button>
    </div>
    <div
      class="HeroesList-cards"
    />
  </div>
</DocumentFragment>
`;

exports[`Component reorders 2`] = `
<DocumentFragment>
  <div
    class="HeroesList"
  >
    <div
      class="HeroesList-options"
    >
      <button>
        Ordenar por nome - A/Z
      </button>
    </div>
    <div
      class="HeroesList-cards"
    >
      <div
        class="HeroCard"
      >
        <img
          alt="Hulk"
          class="HeroCard-img"
          src="http://i.annihil.us/u/prod/marvel/i/mg/5/a0/538615ca33ab0.jpg"
        />
        <p
          class="HeroCard-name"
        >
          Hulk
        </p>
      </div>
      <div
        class="HeroCard"
      >
        <img
          alt="Mercury"
          class="HeroCard-img"
          src="http://i.annihil.us/u/prod/marvel/i/mg/b/40/image_not_available.jpg"
        />
        <p
          class="HeroCard-name"
        >
          Mercury
        </p>
      </div>
      <div
        class="HeroCard"
      >
        <img
          alt="Nicolaos"
          class="HeroCard-img"
          src="http://i.annihil.us/u/prod/marvel/i/mg/b/40/image_not_available.jpg"
        />
        <p
          class="HeroCard-name"
        >
          Nicolaos
        </p>
      </div>
      <div
        class="HeroCard"
      >
        <img
          alt="The Executioner"
          class="HeroCard-img"
          src="http://i.annihil.us/u/prod/marvel/i/mg/e/d0/4ce5a2ab860be.jpg"
        />
        <p
          class="HeroCard-name"
        >
          The Executioner
        </p>
      </div>
      <div
        class="HeroCard"
      >
        <img
          alt="Champions"
          class="HeroCard-img"
          src="http://i.annihil.us/u/prod/marvel/i/mg/8/b0/4c00376da82bb.jpg"
        />
        <p
          class="HeroCard-name"
        >
          Champions
        </p>
      </div>
      <div
        class="HeroCard"
      >
        <img
          alt="Jack Murdock"
          class="HeroCard-img"
          src="http://i.annihil.us/u/prod/marvel/i/mg/b/40/image_not_available.jpg"
        />
        <p
          class="HeroCard-name"
        >
          Jack Murdock
        </p>
      </div>
      <div
        class="HeroCard"
      >
        <img
          alt="Janus, the Nega-Man"
          class="HeroCard-img"
          src="http://i.annihil.us/u/prod/marvel/i/mg/b/40/image_not_available.jpg"
        />
        <p
          class="HeroCard-name"
        >
          Janus, the Nega-Man
        </p>
      </div>
      <div
        class="HeroCard"
      >
        <img
          alt="Mordo"
          class="HeroCard-img"
          src="http://i.annihil.us/u/prod/marvel/i/mg/b/40/image_not_available.jpg"
        />
        <p
          class="HeroCard-name"
        >
          Mordo
        </p>
      </div>
      <div
        class="HeroCard"
      >
        <img
          alt="Mysterio (Francis Klum)"
          class="HeroCard-img"
          src="http://i.annihil.us/u/prod/marvel/i/mg/b/40/image_not_available.jpg"
        />
        <p
          class="HeroCard-name"
        >
          Mysterio (Francis Klum)
        </p>
      </div>
      <div
        class="HeroCard"
      >
        <img
          alt="Sabretooth (House of M)"
          class="HeroCard-img"
          src="http://i.annihil.us/u/prod/marvel/i/mg/5/80/4c0033dd26d33.jpg"
        />
        <p
          class="HeroCard-name"
        >
          Sabretooth (House of M)
        </p>
      </div>
      <div
        class="HeroCard"
      >
        <img
          alt="Lady Mastermind"
          class="HeroCard-img"
          src="http://i.annihil.us/u/prod/marvel/i/mg/5/d0/4c00326f63d4c.jpg"
        />
        <p
          class="HeroCard-name"
        >
          Lady Mastermind
        </p>
      </div>
      <div
        class="HeroCard"
      >
        <img
          alt="Living Mummy"
          class="HeroCard-img"
          src="http://i.annihil.us/u/prod/marvel/i/mg/b/40/image_not_available.jpg"
        />
        <p
          class="HeroCard-name"
        >
          Living Mummy
        </p>
      </div>
      <div
        class="HeroCard"
      >
        <img
          alt="Living Tribunal"
          class="HeroCard-img"
          src="http://i.annihil.us/u/prod/marvel/i/mg/2/a0/4c0031062f91f.jpg"
        />
        <p
          class="HeroCard-name"
        >
          Living Tribunal
        </p>
      </div>
      <div
        class="HeroCard"
      >
        <img
          alt="Scorpion (Ultimate)"
          class="HeroCard-img"
          src="http://i.annihil.us/u/prod/marvel/i/mg/b/40/image_not_available.jpg"
        />
        <p
          class="HeroCard-name"
        >
          Scorpion (Ultimate)
        </p>
      </div>
      <div
        class="HeroCard"
      >
        <img
          alt="Omega the Unknown"
          class="HeroCard-img"
          src="http://i.annihil.us/u/prod/marvel/i/mg/f/10/4ce5a4e4cd15d.jpg"
        />
        <p
          class="HeroCard-name"
        >
          Omega the Unknown
        </p>
      </div>
      <div
        class="HeroCard"
      >
        <img
          alt="Infant Terrible"
          class="HeroCard-img"
          src="http://i.annihil.us/u/prod/marvel/i/mg/2/f0/4c002f7854e02.jpg"
        />
        <p
          class="HeroCard-name"
        >
          Infant Terrible
        </p>
      </div>
      <div
        class="HeroCard"
      >
        <img
          alt="Crimson King"
          class="HeroCard-img"
          src="http://i.annihil.us/u/prod/marvel/i/mg/b/40/image_not_available.jpg"
        />
        <p
          class="HeroCard-name"
        >
          Crimson King
        </p>
      </div>
      <div
        class="HeroCard"
      >
        <img
          alt="Captain Cross"
          class="HeroCard-img"
          src="http://i.annihil.us/u/prod/marvel/i/mg/b/40/image_not_available.jpg"
        />
        <p
          class="HeroCard-name"
        >
          Captain Cross
        </p>
      </div>
      <div
        class="HeroCard"
      >
        <img
          alt="War Machine (Ultimate)"
          class="HeroCard-img"
          src="http://i.annihil.us/u/prod/marvel/i/mg/9/a0/4ce5a5647d38b.jpg"
        />
        <p
          class="HeroCard-name"
        >
          War Machine (Ultimate)
        </p>
      </div>
      <div
        class="HeroCard"
      >
        <img
          alt="Patch"
          class="HeroCard-img"
          src="http://i.annihil.us/u/prod/marvel/i/mg/b/40/image_not_available.jpg"
        />
        <p
          class="HeroCard-name"
        >
          Patch
        </p>
      </div>
    </div>
  </div>
</DocumentFragment>
`;

exports[`Component reorders 3`] = `
<DocumentFragment>
  <div
    class="HeroesList"
  >
    <div
      class="HeroesList-options"
    >
      <button>
        Ordenar por nome - A/Z
      </button>
    </div>
    <div
      class="HeroesList-cards"
    >
      <div
        class="HeroCard"
      >
        <img
          alt="Zzzax"
          class="HeroCard-img"
          src="http://i.annihil.us/u/prod/marvel/i/mg/c/d0/4ced5ab9078c9.jpg"
        />
        <p
          class="HeroCard-name"
        >
          Zzzax
        </p>
      </div>
      <div
        class="HeroCard"
      >
        <img
          alt="Zuras"
          class="HeroCard-img"
          src="http://i.annihil.us/u/prod/marvel/i/mg/b/40/image_not_available.jpg"
        />
        <p
          class="HeroCard-name"
        >
          Zuras
        </p>
      </div>
      <div
        class="HeroCard"
      >
        <img
          alt="Zombie (Simon Garth)"
          class="HeroCard-img"
          src="http://i.annihil.us/u/prod/marvel/i/mg/6/10/4c003937c9ba4.jpg"
        />
        <p
          class="HeroCard-name"
        >
          Zombie (Simon Garth)
        </p>
      </div>
      <div
        class="HeroCard"
      >
        <img
          alt="Zodiak"
          class="HeroCard-img"
          src="http://i.annihil.us/u/prod/marvel/i/mg/b/40/image_not_available.jpg"
        />
        <p
          class="HeroCard-name"
        >
          Zodiak
        </p>
      </div>
      <div
        class="HeroCard"
      >
        <img
          alt="Zemo"
          class="HeroCard-img"
          src="http://i.annihil.us/u/prod/marvel/i/mg/b/40/image_not_available.jpg"
        />
        <p
          class="HeroCard-name"
        >
          Zemo
        </p>
      </div>
      <div
        class="HeroCard"
      >
        <img
          alt="Zeigeist"
          class="HeroCard-img"
          src="http://i.annihil.us/u/prod/marvel/i/mg/b/40/image_not_available.jpg"
        />
        <p
          class="HeroCard-name"
        >
          Zeigeist
        </p>
      </div>
      <div
        class="HeroCard"
      >
        <img
          alt="Zarek"
          class="HeroCard-img"
          src="http://i.annihil.us/u/prod/marvel/i/mg/5/90/4c002f38d0e05.jpg"
        />
        <p
          class="HeroCard-name"
        >
          Zarek
        </p>
      </div>
      <div
        class="HeroCard"
      >
        <img
          alt="Zarda"
          class="HeroCard-img"
          src="http://i.annihil.us/u/prod/marvel/i/mg/b/40/image_not_available.jpg"
        />
        <p
          class="HeroCard-name"
        >
          Zarda
        </p>
      </div>
      <div
        class="HeroCard"
      >
        <img
          alt="Zaran"
          class="HeroCard-img"
          src="http://i.annihil.us/u/prod/marvel/i/mg/b/40/image_not_available.jpg"
        />
        <p
          class="HeroCard-name"
        >
          Zaran
        </p>
      </div>
      <div
        class="HeroCard"
      >
        <img
          alt="Zaladane"
          class="HeroCard-img"
          src="http://i.annihil.us/u/prod/marvel/i/mg/b/40/image_not_available.jpg"
        />
        <p
          class="HeroCard-name"
        >
          Zaladane
        </p>
      </div>
      <div
        class="HeroCard"
      >
        <img
          alt="Young X-Men"
          class="HeroCard-img"
          src="http://i.annihil.us/u/prod/marvel/i/mg/b/40/image_not_available.jpg"
        />
        <p
          class="HeroCard-name"
        >
          Young X-Men
        </p>
      </div>
      <div
        class="HeroCard"
      >
        <img
          alt="Young Avengers"
          class="HeroCard-img"
          src="http://i.annihil.us/u/prod/marvel/i/mg/b/c0/50fec602eed20.jpg"
        />
        <p
          class="HeroCard-name"
        >
          Young Avengers
        </p>
      </div>
      <div
        class="HeroCard"
      >
        <img
          alt="Yellowjacket (Rita DeMara)"
          class="HeroCard-img"
          src="http://i.annihil.us/u/prod/marvel/i/mg/9/f0/5398a8a4b8ca9.jpg"
        />
        <p
          class="HeroCard-name"
        >
          Yellowjacket (Rita DeMara)
        </p>
      </div>
      <div
        class="HeroCard"
      >
        <img
          alt="Yellow Claw"
          class="HeroCard-img"
          src="http://i.annihil.us/u/prod/marvel/i/mg/b/40/image_not_available.jpg"
        />
        <p
          class="HeroCard-name"
        >
          Yellow Claw
        </p>
      </div>
      <div
        class="HeroCard"
      >
        <img
          alt="Xorn (Kuan-Yin Xorn)"
          class="HeroCard-img"
          src="http://i.annihil.us/u/prod/marvel/i/mg/d/60/4c00394059727.jpg"
        />
        <p
          class="HeroCard-name"
        >
          Xorn (Kuan-Yin Xorn)
        </p>
      </div>
      <div
        class="HeroCard"
      >
        <img
          alt="Xavin"
          class="HeroCard-img"
          src="http://i.annihil.us/u/prod/marvel/i/mg/3/a0/4ce5a49743462.jpg"
        />
        <p
          class="HeroCard-name"
        >
          Xavin
        </p>
      </div>
      <div
        class="HeroCard"
      >
        <img
          alt="X.S.E."
          class="HeroCard-img"
          src="http://i.annihil.us/u/prod/marvel/i/mg/b/40/image_not_available.jpg"
        />
        <p
          class="HeroCard-name"
        >
          X.S.E.
        </p>
      </div>
      <div
        class="HeroCard"
      >
        <img
          alt="X-Statix"
          class="HeroCard-img"
          src="http://i.annihil.us/u/prod/marvel/i/mg/5/40/4c003724ba21f.jpg"
        />
        <p
          class="HeroCard-name"
        >
          X-Statix
        </p>
      </div>
      <div
        class="HeroCard"
      >
        <img
          alt="X-Ray (James Darnell)"
          class="HeroCard-img"
          src="http://i.annihil.us/u/prod/marvel/i/mg/f/40/4c0035a250615.jpg"
        />
        <p
          class="HeroCard-name"
        >
          X-Ray (James Darnell)
        </p>
      </div>
      <div
        class="HeroCard"
      >
        <img
          alt="X-Men (Ultimate)"
          class="HeroCard-img"
          src="http://i.annihil.us/u/prod/marvel/i/mg/8/a0/4feb34f2017a0.jpg"
        />
        <p
          class="HeroCard-name"
        >
          X-Men (Ultimate)
        </p>
      </div>
    </div>
  </div>
</DocumentFragment>
`;
