// Jest Snapshot v1, https://goo.gl/fbAQLP

exports[`Component renders correctly 1`] = `
<DocumentFragment>
  <div
    class="Search"
  >
    <form
      class="Search-form"
    >
      <div
        class="Search-inputGroup"
      >
        <label
          class="Search-label"
          for=""
        >
          <button
            class="Search-inputButton"
            type="button"
          >
            <svg
              class="Search-inputIcon"
            >
              search.svg
            </svg>
          </button>
          <input
            class="Search-input"
            maxlength="200"
            placeholder="Procure por herÃ³is"
            value=""
          />
        </label>
      </div>
    </form>
  </div>
</DocumentFragment>
`;
